Archive member included to satisfy reference by file (symbol)

c:/progra~1/gcc-arm-none-eabi-10.3-2021.10/bin/../lib/gcc/arm-none-eabi/10.3.1/../../../../arm-none-eabi/lib/thumb/v7e-m/nofp\libg.a(lib_a-errno.o)
                              CMakeFiles/text.elf.dir/Core/Src/syscalls.c.obj (__errno)
c:/progra~1/gcc-arm-none-eabi-10.3-2021.10/bin/../lib/gcc/arm-none-eabi/10.3.1/../../../../arm-none-eabi/lib/thumb/v7e-m/nofp\libg.a(lib_a-exit.o)
                              c:/progra~1/gcc-arm-none-eabi-10.3-2021.10/bin/../lib/gcc/arm-none-eabi/10.3.1/../../../../arm-none-eabi/lib/thumb/v7e-m/nofp/crt0.o (exit)
c:/progra~1/gcc-arm-none-eabi-10.3-2021.10/bin/../lib/gcc/arm-none-eabi/10.3.1/../../../../arm-none-eabi/lib/thumb/v7e-m/nofp\libg.a(lib_a-impure.o)
                              c:/progra~1/gcc-arm-none-eabi-10.3-2021.10/bin/../lib/gcc/arm-none-eabi/10.3.1/../../../../arm-none-eabi/lib/thumb/v7e-m/nofp\libg.a(lib_a-exit.o) (_global_impure_ptr)
c:/progra~1/gcc-arm-none-eabi-10.3-2021.10/bin/../lib/gcc/arm-none-eabi/10.3.1/../../../../arm-none-eabi/lib/thumb/v7e-m/nofp\libg.a(lib_a-init.o)
                              c:/progra~1/gcc-arm-none-eabi-10.3-2021.10/bin/../lib/gcc/arm-none-eabi/10.3.1/../../../../arm-none-eabi/lib/thumb/v7e-m/nofp/crt0.o (__libc_init_array)
c:/progra~1/gcc-arm-none-eabi-10.3-2021.10/bin/../lib/gcc/arm-none-eabi/10.3.1/../../../../arm-none-eabi/lib/thumb/v7e-m/nofp\libg.a(lib_a-memset.o)
                              c:/progra~1/gcc-arm-none-eabi-10.3-2021.10/bin/../lib/gcc/arm-none-eabi/10.3.1/../../../../arm-none-eabi/lib/thumb/v7e-m/nofp/crt0.o (memset)
c:/progra~1/gcc-arm-none-eabi-10.3-2021.10/bin/../lib/gcc/arm-none-eabi/10.3.1/../../../../arm-none-eabi/lib/thumb/v7e-m/nofp\libg.a(lib_a-__call_atexit.o)
                              c:/progra~1/gcc-arm-none-eabi-10.3-2021.10/bin/../lib/gcc/arm-none-eabi/10.3.1/../../../../arm-none-eabi/lib/thumb/v7e-m/nofp\libg.a(lib_a-exit.o) (__call_exitprocs)
c:/progra~1/gcc-arm-none-eabi-10.3-2021.10/bin/../lib/gcc/arm-none-eabi/10.3.1/../../../../arm-none-eabi/lib/thumb/v7e-m/nofp\libg.a(lib_a-atexit.o)
                              c:/progra~1/gcc-arm-none-eabi-10.3-2021.10/bin/../lib/gcc/arm-none-eabi/10.3.1/../../../../arm-none-eabi/lib/thumb/v7e-m/nofp\libg.a(lib_a-__call_atexit.o) (atexit)
c:/progra~1/gcc-arm-none-eabi-10.3-2021.10/bin/../lib/gcc/arm-none-eabi/10.3.1/../../../../arm-none-eabi/lib/thumb/v7e-m/nofp\libg.a(lib_a-fini.o)
                              c:/progra~1/gcc-arm-none-eabi-10.3-2021.10/bin/../lib/gcc/arm-none-eabi/10.3.1/../../../../arm-none-eabi/lib/thumb/v7e-m/nofp\libg.a(lib_a-__call_atexit.o) (__libc_fini_array)
c:/progra~1/gcc-arm-none-eabi-10.3-2021.10/bin/../lib/gcc/arm-none-eabi/10.3.1/../../../../arm-none-eabi/lib/thumb/v7e-m/nofp\libg.a(lib_a-lock.o)
                              c:/progra~1/gcc-arm-none-eabi-10.3-2021.10/bin/../lib/gcc/arm-none-eabi/10.3.1/../../../../arm-none-eabi/lib/thumb/v7e-m/nofp\libg.a(lib_a-__call_atexit.o) (__retarget_lock_acquire_recursive)
c:/progra~1/gcc-arm-none-eabi-10.3-2021.10/bin/../lib/gcc/arm-none-eabi/10.3.1/../../../../arm-none-eabi/lib/thumb/v7e-m/nofp\libg.a(lib_a-__atexit.o)
                              c:/progra~1/gcc-arm-none-eabi-10.3-2021.10/bin/../lib/gcc/arm-none-eabi/10.3.1/../../../../arm-none-eabi/lib/thumb/v7e-m/nofp\libg.a(lib_a-atexit.o) (__register_exitproc)

Discarded input sections

 .text          0x00000000        0x0 c:/progra~1/gcc-arm-none-eabi-10.3-2021.10/bin/../lib/gcc/arm-none-eabi/10.3.1/thumb/v7e-m/nofp/crti.o
 .data          0x00000000        0x0 c:/progra~1/gcc-arm-none-eabi-10.3-2021.10/bin/../lib/gcc/arm-none-eabi/10.3.1/thumb/v7e-m/nofp/crti.o
 .bss           0x00000000        0x0 c:/progra~1/gcc-arm-none-eabi-10.3-2021.10/bin/../lib/gcc/arm-none-eabi/10.3.1/thumb/v7e-m/nofp/crti.o
 .data          0x00000000        0x4 c:/progra~1/gcc-arm-none-eabi-10.3-2021.10/bin/../lib/gcc/arm-none-eabi/10.3.1/thumb/v7e-m/nofp/crtbegin.o
 .rodata        0x00000000       0x24 c:/progra~1/gcc-arm-none-eabi-10.3-2021.10/bin/../lib/gcc/arm-none-eabi/10.3.1/thumb/v7e-m/nofp/crtbegin.o
 .text          0x00000000       0x7c c:/progra~1/gcc-arm-none-eabi-10.3-2021.10/bin/../lib/gcc/arm-none-eabi/10.3.1/../../../../arm-none-eabi/lib/thumb/v7e-m/nofp/crt0.o
 .data          0x00000000        0x0 c:/progra~1/gcc-arm-none-eabi-10.3-2021.10/bin/../lib/gcc/arm-none-eabi/10.3.1/../../../../arm-none-eabi/lib/thumb/v7e-m/nofp/crt0.o
 .bss           0x00000000        0x0 c:/progra~1/gcc-arm-none-eabi-10.3-2021.10/bin/../lib/gcc/arm-none-eabi/10.3.1/../../../../arm-none-eabi/lib/thumb/v7e-m/nofp/crt0.o
 .ARM.extab     0x00000000        0x0 c:/progra~1/gcc-arm-none-eabi-10.3-2021.10/bin/../lib/gcc/arm-none-eabi/10.3.1/../../../../arm-none-eabi/lib/thumb/v7e-m/nofp/crt0.o
 .ARM.exidx     0x00000000       0x10 c:/progra~1/gcc-arm-none-eabi-10.3-2021.10/bin/../lib/gcc/arm-none-eabi/10.3.1/../../../../arm-none-eabi/lib/thumb/v7e-m/nofp/crt0.o
 .ARM.attributes
                0x00000000       0x1c c:/progra~1/gcc-arm-none-eabi-10.3-2021.10/bin/../lib/gcc/arm-none-eabi/10.3.1/../../../../arm-none-eabi/lib/thumb/v7e-m/nofp/crt0.o
 .text          0x00000000        0x0 CMakeFiles/text.elf.dir/Core/Src/gpio.c.obj
 .data          0x00000000        0x0 CMakeFiles/text.elf.dir/Core/Src/gpio.c.obj
 .bss           0x00000000        0x0 CMakeFiles/text.elf.dir/Core/Src/gpio.c.obj
 .text          0x00000000        0x0 CMakeFiles/text.elf.dir/Core/Src/main.c.obj
 .data          0x00000000        0x0 CMakeFiles/text.elf.dir/Core/Src/main.c.obj
 .bss           0x00000000        0x0 CMakeFiles/text.elf.dir/Core/Src/main.c.obj
 .text.Error_Handler
                0x00000000        0x4 CMakeFiles/text.elf.dir/Core/Src/main.c.obj
 .text          0x00000000        0x0 CMakeFiles/text.elf.dir/Core/Src/stm32f4xx_it.c.obj
 .data          0x00000000        0x0 CMakeFiles/text.elf.dir/Core/Src/stm32f4xx_it.c.obj
 .bss           0x00000000        0x0 CMakeFiles/text.elf.dir/Core/Src/stm32f4xx_it.c.obj
 .text          0x00000000        0x0 CMakeFiles/text.elf.dir/Core/Src/syscalls.c.obj
 .data          0x00000000        0x0 CMakeFiles/text.elf.dir/Core/Src/syscalls.c.obj
 .bss           0x00000000        0x0 CMakeFiles/text.elf.dir/Core/Src/syscalls.c.obj
 .text.initialise_monitor_handles
                0x00000000        0x2 CMakeFiles/text.elf.dir/Core/Src/syscalls.c.obj
 .text._getpid  0x00000000        0x4 CMakeFiles/text.elf.dir/Core/Src/syscalls.c.obj
 .text._kill    0x00000000       0x10 CMakeFiles/text.elf.dir/Core/Src/syscalls.c.obj
 .text._exit    0x00000000        0xc CMakeFiles/text.elf.dir/Core/Src/syscalls.c.obj
 .text._read    0x00000000       0x20 CMakeFiles/text.elf.dir/Core/Src/syscalls.c.obj
 .text._write   0x00000000       0x1c CMakeFiles/text.elf.dir/Core/Src/syscalls.c.obj
 .text._close   0x00000000        0x6 CMakeFiles/text.elf.dir/Core/Src/syscalls.c.obj
 .text._fstat   0x00000000        0xa CMakeFiles/text.elf.dir/Core/Src/syscalls.c.obj
 .text._isatty  0x00000000        0x4 CMakeFiles/text.elf.dir/Core/Src/syscalls.c.obj
 .text._lseek   0x00000000        0x4 CMakeFiles/text.elf.dir/Core/Src/syscalls.c.obj
 .text._open    0x00000000        0xa CMakeFiles/text.elf.dir/Core/Src/syscalls.c.obj
 .text._wait    0x00000000       0x10 CMakeFiles/text.elf.dir/Core/Src/syscalls.c.obj
 .text._unlink  0x00000000       0x10 CMakeFiles/text.elf.dir/Core/Src/syscalls.c.obj
 .text._times   0x00000000        0x6 CMakeFiles/text.elf.dir/Core/Src/syscalls.c.obj
 .text._stat    0x00000000        0xa CMakeFiles/text.elf.dir/Core/Src/syscalls.c.obj
 .text._link    0x00000000       0x10 CMakeFiles/text.elf.dir/Core/Src/syscalls.c.obj
 .text._fork    0x00000000       0x10 CMakeFiles/text.elf.dir/Core/Src/syscalls.c.obj
 .text._execve  0x00000000       0x10 CMakeFiles/text.elf.dir/Core/Src/syscalls.c.obj
 .bss.__env     0x00000000        0x4 CMakeFiles/text.elf.dir/Core/Src/syscalls.c.obj
 .data.environ  0x00000000        0x4 CMakeFiles/text.elf.dir/Core/Src/syscalls.c.obj
 .debug_info    0x00000000      0x7af CMakeFiles/text.elf.dir/Core/Src/syscalls.c.obj
 .debug_abbrev  0x00000000      0x1a3 CMakeFiles/text.elf.dir/Core/Src/syscalls.c.obj
 .debug_loc     0x00000000      0x3c5 CMakeFiles/text.elf.dir/Core/Src/syscalls.c.obj
 .debug_aranges
                0x00000000       0xa8 CMakeFiles/text.elf.dir/Core/Src/syscalls.c.obj
 .debug_ranges  0x00000000       0x98 CMakeFiles/text.elf.dir/Core/Src/syscalls.c.obj
 .debug_line    0x00000000      0x410 CMakeFiles/text.elf.dir/Core/Src/syscalls.c.obj
 .debug_str     0x00000000      0x421 CMakeFiles/text.elf.dir/Core/Src/syscalls.c.obj
 .comment       0x00000000       0x4a CMakeFiles/text.elf.dir/Core/Src/syscalls.c.obj
 .debug_frame   0x00000000      0x190 CMakeFiles/text.elf.dir/Core/Src/syscalls.c.obj
 .ARM.attributes
                0x00000000       0x2e CMakeFiles/text.elf.dir/Core/Src/syscalls.c.obj
 .text          0x00000000        0x0 CMakeFiles/text.elf.dir/Core/Src/sysmem.c.obj
 .data          0x00000000        0x0 CMakeFiles/text.elf.dir/Core/Src/sysmem.c.obj
 .bss           0x00000000        0x0 CMakeFiles/text.elf.dir/Core/Src/sysmem.c.obj
 .text._sbrk    0x00000000       0x48 CMakeFiles/text.elf.dir/Core/Src/sysmem.c.obj
 .bss.__sbrk_heap_end
                0x00000000        0x4 CMakeFiles/text.elf.dir/Core/Src/sysmem.c.obj
 .debug_info    0x00000000      0x174 CMakeFiles/text.elf.dir/Core/Src/sysmem.c.obj
 .debug_abbrev  0x00000000       0xe7 CMakeFiles/text.elf.dir/Core/Src/sysmem.c.obj
 .debug_loc     0x00000000       0x64 CMakeFiles/text.elf.dir/Core/Src/sysmem.c.obj
 .debug_aranges
                0x00000000       0x20 CMakeFiles/text.elf.dir/Core/Src/sysmem.c.obj
 .debug_ranges  0x00000000       0x10 CMakeFiles/text.elf.dir/Core/Src/sysmem.c.obj
 .debug_line    0x00000000      0x1c8 CMakeFiles/text.elf.dir/Core/Src/sysmem.c.obj
 .debug_str     0x00000000      0x24d CMakeFiles/text.elf.dir/Core/Src/sysmem.c.obj
 .comment       0x00000000       0x4a CMakeFiles/text.elf.dir/Core/Src/sysmem.c.obj
 .debug_frame   0x00000000       0x28 CMakeFiles/text.elf.dir/Core/Src/sysmem.c.obj
 .ARM.attributes
                0x00000000       0x2e CMakeFiles/text.elf.dir/Core/Src/sysmem.c.obj
 .text          0x00000000        0x0 CMakeFiles/text.elf.dir/Core/Src/system_stm32f4xx.c.obj
 .data          0x00000000        0x0 CMakeFiles/text.elf.dir/Core/Src/system_stm32f4xx.c.obj
 .bss           0x00000000        0x0 CMakeFiles/text.elf.dir/Core/Src/system_stm32f4xx.c.obj
 .text.SystemCoreClockUpdate
                0x00000000       0xa0 CMakeFiles/text.elf.dir/Core/Src/system_stm32f4xx.c.obj
 .rodata.AHBPrescTable
                0x00000000       0x10 CMakeFiles/text.elf.dir/Core/Src/system_stm32f4xx.c.obj
 .rodata.APBPrescTable
                0x00000000        0x8 CMakeFiles/text.elf.dir/Core/Src/system_stm32f4xx.c.obj
 .text          0x00000000       0x14 CMakeFiles/text.elf.dir/Core/Startup/startup_stm32f407zgtx.s.obj
 .data          0x00000000        0x0 CMakeFiles/text.elf.dir/Core/Startup/startup_stm32f407zgtx.s.obj
 .bss           0x00000000        0x0 CMakeFiles/text.elf.dir/Core/Startup/startup_stm32f407zgtx.s.obj
 .text          0x00000000        0x0 CMakeFiles/text.elf.dir/Drivers/STM32F4xx_HAL_Driver/Src/stm32f4xx_ll_exti.c.obj
 .data          0x00000000        0x0 CMakeFiles/text.elf.dir/Drivers/STM32F4xx_HAL_Driver/Src/stm32f4xx_ll_exti.c.obj
 .bss           0x00000000        0x0 CMakeFiles/text.elf.dir/Drivers/STM32F4xx_HAL_Driver/Src/stm32f4xx_ll_exti.c.obj
 .text.LL_EXTI_DeInit
                0x00000000       0x1c CMakeFiles/text.elf.dir/Drivers/STM32F4xx_HAL_Driver/Src/stm32f4xx_ll_exti.c.obj
 .text.LL_EXTI_Init
                0x00000000       0xd4 CMakeFiles/text.elf.dir/Drivers/STM32F4xx_HAL_Driver/Src/stm32f4xx_ll_exti.c.obj
 .text.LL_EXTI_StructInit
                0x00000000        0xe CMakeFiles/text.elf.dir/Drivers/STM32F4xx_HAL_Driver/Src/stm32f4xx_ll_exti.c.obj
 .debug_info    0x00000000      0x51a CMakeFiles/text.elf.dir/Drivers/STM32F4xx_HAL_Driver/Src/stm32f4xx_ll_exti.c.obj
 .debug_abbrev  0x00000000      0x1d7 CMakeFiles/text.elf.dir/Drivers/STM32F4xx_HAL_Driver/Src/stm32f4xx_ll_exti.c.obj
 .debug_loc     0x00000000      0x2b3 CMakeFiles/text.elf.dir/Drivers/STM32F4xx_HAL_Driver/Src/stm32f4xx_ll_exti.c.obj
 .debug_aranges
                0x00000000       0x30 CMakeFiles/text.elf.dir/Drivers/STM32F4xx_HAL_Driver/Src/stm32f4xx_ll_exti.c.obj
 .debug_ranges  0x00000000       0x50 CMakeFiles/text.elf.dir/Drivers/STM32F4xx_HAL_Driver/Src/stm32f4xx_ll_exti.c.obj
 .debug_line    0x00000000      0x3f9 CMakeFiles/text.elf.dir/Drivers/STM32F4xx_HAL_Driver/Src/stm32f4xx_ll_exti.c.obj
 .debug_str     0x00000000      0x3aa CMakeFiles/text.elf.dir/Drivers/STM32F4xx_HAL_Driver/Src/stm32f4xx_ll_exti.c.obj
 .comment       0x00000000       0x4a CMakeFiles/text.elf.dir/Drivers/STM32F4xx_HAL_Driver/Src/stm32f4xx_ll_exti.c.obj
 .debug_frame   0x00000000       0x50 CMakeFiles/text.elf.dir/Drivers/STM32F4xx_HAL_Driver/Src/stm32f4xx_ll_exti.c.obj
 .ARM.attributes
                0x00000000       0x2e CMakeFiles/text.elf.dir/Drivers/STM32F4xx_HAL_Driver/Src/stm32f4xx_ll_exti.c.obj
 .text          0x00000000        0x0 CMakeFiles/text.elf.dir/Drivers/STM32F4xx_HAL_Driver/Src/stm32f4xx_ll_gpio.c.obj
 .data          0x00000000        0x0 CMakeFiles/text.elf.dir/Drivers/STM32F4xx_HAL_Driver/Src/stm32f4xx_ll_gpio.c.obj
 .bss           0x00000000        0x0 CMakeFiles/text.elf.dir/Drivers/STM32F4xx_HAL_Driver/Src/stm32f4xx_ll_gpio.c.obj
 .text.LL_GPIO_DeInit
                0x00000000      0x138 CMakeFiles/text.elf.dir/Drivers/STM32F4xx_HAL_Driver/Src/stm32f4xx_ll_gpio.c.obj
 .text.LL_GPIO_StructInit
                0x00000000       0x16 CMakeFiles/text.elf.dir/Drivers/STM32F4xx_HAL_Driver/Src/stm32f4xx_ll_gpio.c.obj
 .text          0x00000000        0x0 CMakeFiles/text.elf.dir/Drivers/STM32F4xx_HAL_Driver/Src/stm32f4xx_ll_rcc.c.obj
 .data          0x00000000        0x0 CMakeFiles/text.elf.dir/Drivers/STM32F4xx_HAL_Driver/Src/stm32f4xx_ll_rcc.c.obj
 .bss           0x00000000        0x0 CMakeFiles/text.elf.dir/Drivers/STM32F4xx_HAL_Driver/Src/stm32f4xx_ll_rcc.c.obj
 .text.LL_RCC_DeInit
                0x00000000       0x9c CMakeFiles/text.elf.dir/Drivers/STM32F4xx_HAL_Driver/Src/stm32f4xx_ll_rcc.c.obj
 .text.RCC_GetHCLKClockFreq
                0x00000000       0x18 CMakeFiles/text.elf.dir/Drivers/STM32F4xx_HAL_Driver/Src/stm32f4xx_ll_rcc.c.obj
 .text.RCC_GetPCLK1ClockFreq
                0x00000000       0x18 CMakeFiles/text.elf.dir/Drivers/STM32F4xx_HAL_Driver/Src/stm32f4xx_ll_rcc.c.obj
 .text.RCC_GetPCLK2ClockFreq
                0x00000000       0x18 CMakeFiles/text.elf.dir/Drivers/STM32F4xx_HAL_Driver/Src/stm32f4xx_ll_rcc.c.obj
 .text.RCC_PLL_GetFreqDomain_SYS
                0x00000000       0x4c CMakeFiles/text.elf.dir/Drivers/STM32F4xx_HAL_Driver/Src/stm32f4xx_ll_rcc.c.obj
 .text.RCC_GetSystemClockFreq
                0x00000000       0x30 CMakeFiles/text.elf.dir/Drivers/STM32F4xx_HAL_Driver/Src/stm32f4xx_ll_rcc.c.obj
 .text.LL_RCC_GetSystemClocksFreq
                0x00000000       0x20 CMakeFiles/text.elf.dir/Drivers/STM32F4xx_HAL_Driver/Src/stm32f4xx_ll_rcc.c.obj
 .text.RCC_PLL_GetFreqDomain_48M
                0x00000000       0x40 CMakeFiles/text.elf.dir/Drivers/STM32F4xx_HAL_Driver/Src/stm32f4xx_ll_rcc.c.obj
 .text.LL_RCC_GetSDIOClockFreq
                0x00000000       0x24 CMakeFiles/text.elf.dir/Drivers/STM32F4xx_HAL_Driver/Src/stm32f4xx_ll_rcc.c.obj
 .text.LL_RCC_GetRNGClockFreq
                0x00000000       0x18 CMakeFiles/text.elf.dir/Drivers/STM32F4xx_HAL_Driver/Src/stm32f4xx_ll_rcc.c.obj
 .text.LL_RCC_GetUSBClockFreq
                0x00000000       0x18 CMakeFiles/text.elf.dir/Drivers/STM32F4xx_HAL_Driver/Src/stm32f4xx_ll_rcc.c.obj
 .text.RCC_PLLI2S_GetFreqDomain_I2S
                0x00000000       0x44 CMakeFiles/text.elf.dir/Drivers/STM32F4xx_HAL_Driver/Src/stm32f4xx_ll_rcc.c.obj
 .text.LL_RCC_GetI2SClockFreq
                0x00000000       0x34 CMakeFiles/text.elf.dir/Drivers/STM32F4xx_HAL_Driver/Src/stm32f4xx_ll_rcc.c.obj
 .debug_info    0x00000000      0xa31 CMakeFiles/text.elf.dir/Drivers/STM32F4xx_HAL_Driver/Src/stm32f4xx_ll_rcc.c.obj
 .debug_abbrev  0x00000000      0x267 CMakeFiles/text.elf.dir/Drivers/STM32F4xx_HAL_Driver/Src/stm32f4xx_ll_rcc.c.obj
 .debug_loc     0x00000000      0x4b8 CMakeFiles/text.elf.dir/Drivers/STM32F4xx_HAL_Driver/Src/stm32f4xx_ll_rcc.c.obj
 .debug_aranges
                0x00000000       0x80 CMakeFiles/text.elf.dir/Drivers/STM32F4xx_HAL_Driver/Src/stm32f4xx_ll_rcc.c.obj
 .debug_ranges  0x00000000       0x70 CMakeFiles/text.elf.dir/Drivers/STM32F4xx_HAL_Driver/Src/stm32f4xx_ll_rcc.c.obj
 .debug_line    0x00000000      0x714 CMakeFiles/text.elf.dir/Drivers/STM32F4xx_HAL_Driver/Src/stm32f4xx_ll_rcc.c.obj
 .debug_str     0x00000000      0x731 CMakeFiles/text.elf.dir/Drivers/STM32F4xx_HAL_Driver/Src/stm32f4xx_ll_rcc.c.obj
 .comment       0x00000000       0x4a CMakeFiles/text.elf.dir/Drivers/STM32F4xx_HAL_Driver/Src/stm32f4xx_ll_rcc.c.obj
 .debug_frame   0x00000000      0x118 CMakeFiles/text.elf.dir/Drivers/STM32F4xx_HAL_Driver/Src/stm32f4xx_ll_rcc.c.obj
 .ARM.attributes
                0x00000000       0x2e CMakeFiles/text.elf.dir/Drivers/STM32F4xx_HAL_Driver/Src/stm32f4xx_ll_rcc.c.obj
 .text          0x00000000        0x0 CMakeFiles/text.elf.dir/Drivers/STM32F4xx_HAL_Driver/Src/stm32f4xx_ll_utils.c.obj
 .data          0x00000000        0x0 CMakeFiles/text.elf.dir/Drivers/STM32F4xx_HAL_Driver/Src/stm32f4xx_ll_utils.c.obj
 .bss           0x00000000        0x0 CMakeFiles/text.elf.dir/Drivers/STM32F4xx_HAL_Driver/Src/stm32f4xx_ll_utils.c.obj
 .text.UTILS_GetPLLOutputFrequency
                0x00000000       0x20 CMakeFiles/text.elf.dir/Drivers/STM32F4xx_HAL_Driver/Src/stm32f4xx_ll_utils.c.obj
 .text.UTILS_PLL_IsBusy
                0x00000000       0x24 CMakeFiles/text.elf.dir/Drivers/STM32F4xx_HAL_Driver/Src/stm32f4xx_ll_utils.c.obj
 .text.LL_SetFlashLatency
                0x00000000       0xcc CMakeFiles/text.elf.dir/Drivers/STM32F4xx_HAL_Driver/Src/stm32f4xx_ll_utils.c.obj
 .text.UTILS_EnablePLLAndSwitchSystem
                0x00000000       0xac CMakeFiles/text.elf.dir/Drivers/STM32F4xx_HAL_Driver/Src/stm32f4xx_ll_utils.c.obj
 .text.LL_PLL_ConfigSystemClock_HSI
                0x00000000       0x6c CMakeFiles/text.elf.dir/Drivers/STM32F4xx_HAL_Driver/Src/stm32f4xx_ll_utils.c.obj
 .text.LL_PLL_ConfigSystemClock_HSE
                0x00000000       0x8c CMakeFiles/text.elf.dir/Drivers/STM32F4xx_HAL_Driver/Src/stm32f4xx_ll_utils.c.obj
 .text          0x00000000        0x0 c:/progra~1/gcc-arm-none-eabi-10.3-2021.10/bin/../lib/gcc/arm-none-eabi/10.3.1/../../../../arm-none-eabi/lib/thumb/v7e-m/nofp\libg.a(lib_a-errno.o)
 .data          0x00000000        0x0 c:/progra~1/gcc-arm-none-eabi-10.3-2021.10/bin/../lib/gcc/arm-none-eabi/10.3.1/../../../../arm-none-eabi/lib/thumb/v7e-m/nofp\libg.a(lib_a-errno.o)
 .bss           0x00000000        0x0 c:/progra~1/gcc-arm-none-eabi-10.3-2021.10/bin/../lib/gcc/arm-none-eabi/10.3.1/../../../../arm-none-eabi/lib/thumb/v7e-m/nofp\libg.a(lib_a-errno.o)
 .text.__errno  0x00000000        0xc c:/progra~1/gcc-arm-none-eabi-10.3-2021.10/bin/../lib/gcc/arm-none-eabi/10.3.1/../../../../arm-none-eabi/lib/thumb/v7e-m/nofp\libg.a(lib_a-errno.o)
 .debug_frame   0x00000000       0x20 c:/progra~1/gcc-arm-none-eabi-10.3-2021.10/bin/../lib/gcc/arm-none-eabi/10.3.1/../../../../arm-none-eabi/lib/thumb/v7e-m/nofp\libg.a(lib_a-errno.o)
 .ARM.attributes
                0x00000000       0x2e c:/progra~1/gcc-arm-none-eabi-10.3-2021.10/bin/../lib/gcc/arm-none-eabi/10.3.1/../../../../arm-none-eabi/lib/thumb/v7e-m/nofp\libg.a(lib_a-errno.o)
 .text          0x00000000        0x0 c:/progra~1/gcc-arm-none-eabi-10.3-2021.10/bin/../lib/gcc/arm-none-eabi/10.3.1/../../../../arm-none-eabi/lib/thumb/v7e-m/nofp\libg.a(lib_a-exit.o)
 .data          0x00000000        0x0 c:/progra~1/gcc-arm-none-eabi-10.3-2021.10/bin/../lib/gcc/arm-none-eabi/10.3.1/../../../../arm-none-eabi/lib/thumb/v7e-m/nofp\libg.a(lib_a-exit.o)
 .bss           0x00000000        0x0 c:/progra~1/gcc-arm-none-eabi-10.3-2021.10/bin/../lib/gcc/arm-none-eabi/10.3.1/../../../../arm-none-eabi/lib/thumb/v7e-m/nofp\libg.a(lib_a-exit.o)
 .text.exit     0x00000000       0x20 c:/progra~1/gcc-arm-none-eabi-10.3-2021.10/bin/../lib/gcc/arm-none-eabi/10.3.1/../../../../arm-none-eabi/lib/thumb/v7e-m/nofp\libg.a(lib_a-exit.o)
 .debug_frame   0x00000000       0x28 c:/progra~1/gcc-arm-none-eabi-10.3-2021.10/bin/../lib/gcc/arm-none-eabi/10.3.1/../../../../arm-none-eabi/lib/thumb/v7e-m/nofp\libg.a(lib_a-exit.o)
 .ARM.attributes
                0x00000000       0x2e c:/progra~1/gcc-arm-none-eabi-10.3-2021.10/bin/../lib/gcc/arm-none-eabi/10.3.1/../../../../arm-none-eabi/lib/thumb/v7e-m/nofp\libg.a(lib_a-exit.o)
 .text          0x00000000        0x0 c:/progra~1/gcc-arm-none-eabi-10.3-2021.10/bin/../lib/gcc/arm-none-eabi/10.3.1/../../../../arm-none-eabi/lib/thumb/v7e-m/nofp\libg.a(lib_a-impure.o)
 .data          0x00000000        0x0 c:/progra~1/gcc-arm-none-eabi-10.3-2021.10/bin/../lib/gcc/arm-none-eabi/10.3.1/../../../../arm-none-eabi/lib/thumb/v7e-m/nofp\libg.a(lib_a-impure.o)
 .bss           0x00000000        0x0 c:/progra~1/gcc-arm-none-eabi-10.3-2021.10/bin/../lib/gcc/arm-none-eabi/10.3.1/../../../../arm-none-eabi/lib/thumb/v7e-m/nofp\libg.a(lib_a-impure.o)
 .data._impure_ptr
                0x00000000        0x4 c:/progra~1/gcc-arm-none-eabi-10.3-2021.10/bin/../lib/gcc/arm-none-eabi/10.3.1/../../../../arm-none-eabi/lib/thumb/v7e-m/nofp\libg.a(lib_a-impure.o)
 .text          0x00000000        0x0 c:/progra~1/gcc-arm-none-eabi-10.3-2021.10/bin/../lib/gcc/arm-none-eabi/10.3.1/../../../../arm-none-eabi/lib/thumb/v7e-m/nofp\libg.a(lib_a-init.o)
 .data          0x00000000        0x0 c:/progra~1/gcc-arm-none-eabi-10.3-2021.10/bin/../lib/gcc/arm-none-eabi/10.3.1/../../../../arm-none-eabi/lib/thumb/v7e-m/nofp\libg.a(lib_a-init.o)
 .bss           0x00000000        0x0 c:/progra~1/gcc-arm-none-eabi-10.3-2021.10/bin/../lib/gcc/arm-none-eabi/10.3.1/../../../../arm-none-eabi/lib/thumb/v7e-m/nofp\libg.a(lib_a-init.o)
 .text          0x00000000        0x0 c:/progra~1/gcc-arm-none-eabi-10.3-2021.10/bin/../lib/gcc/arm-none-eabi/10.3.1/../../../../arm-none-eabi/lib/thumb/v7e-m/nofp\libg.a(lib_a-memset.o)
 .data          0x00000000        0x0 c:/progra~1/gcc-arm-none-eabi-10.3-2021.10/bin/../lib/gcc/arm-none-eabi/10.3.1/../../../../arm-none-eabi/lib/thumb/v7e-m/nofp\libg.a(lib_a-memset.o)
 .bss           0x00000000        0x0 c:/progra~1/gcc-arm-none-eabi-10.3-2021.10/bin/../lib/gcc/arm-none-eabi/10.3.1/../../../../arm-none-eabi/lib/thumb/v7e-m/nofp\libg.a(lib_a-memset.o)
 .text.memset   0x00000000       0xa4 c:/progra~1/gcc-arm-none-eabi-10.3-2021.10/bin/../lib/gcc/arm-none-eabi/10.3.1/../../../../arm-none-eabi/lib/thumb/v7e-m/nofp\libg.a(lib_a-memset.o)
 .debug_frame   0x00000000       0x2c c:/progra~1/gcc-arm-none-eabi-10.3-2021.10/bin/../lib/gcc/arm-none-eabi/10.3.1/../../../../arm-none-eabi/lib/thumb/v7e-m/nofp\libg.a(lib_a-memset.o)
 .ARM.attributes
                0x00000000       0x2e c:/progra~1/gcc-arm-none-eabi-10.3-2021.10/bin/../lib/gcc/arm-none-eabi/10.3.1/../../../../arm-none-eabi/lib/thumb/v7e-m/nofp\libg.a(lib_a-memset.o)
 .text          0x00000000        0x0 c:/progra~1/gcc-arm-none-eabi-10.3-2021.10/bin/../lib/gcc/arm-none-eabi/10.3.1/../../../../arm-none-eabi/lib/thumb/v7e-m/nofp\libg.a(lib_a-__call_atexit.o)
 .data          0x00000000        0x0 c:/progra~1/gcc-arm-none-eabi-10.3-2021.10/bin/../lib/gcc/arm-none-eabi/10.3.1/../../../../arm-none-eabi/lib/thumb/v7e-m/nofp\libg.a(lib_a-__call_atexit.o)
 .bss           0x00000000        0x0 c:/progra~1/gcc-arm-none-eabi-10.3-2021.10/bin/../lib/gcc/arm-none-eabi/10.3.1/../../../../arm-none-eabi/lib/thumb/v7e-m/nofp\libg.a(lib_a-__call_atexit.o)
 .text.__call_exitprocs
                0x00000000       0xc4 c:/progra~1/gcc-arm-none-eabi-10.3-2021.10/bin/../lib/gcc/arm-none-eabi/10.3.1/../../../../arm-none-eabi/lib/thumb/v7e-m/nofp\libg.a(lib_a-__call_atexit.o)
 .text          0x00000000        0x0 c:/progra~1/gcc-arm-none-eabi-10.3-2021.10/bin/../lib/gcc/arm-none-eabi/10.3.1/../../../../arm-none-eabi/lib/thumb/v7e-m/nofp\libg.a(lib_a-atexit.o)
 .data          0x00000000        0x0 c:/progra~1/gcc-arm-none-eabi-10.3-2021.10/bin/../lib/gcc/arm-none-eabi/10.3.1/../../../../arm-none-eabi/lib/thumb/v7e-m/nofp\libg.a(lib_a-atexit.o)
 .bss           0x00000000        0x0 c:/progra~1/gcc-arm-none-eabi-10.3-2021.10/bin/../lib/gcc/arm-none-eabi/10.3.1/../../../../arm-none-eabi/lib/thumb/v7e-m/nofp\libg.a(lib_a-atexit.o)
 .text          0x00000000        0x0 c:/progra~1/gcc-arm-none-eabi-10.3-2021.10/bin/../lib/gcc/arm-none-eabi/10.3.1/../../../../arm-none-eabi/lib/thumb/v7e-m/nofp\libg.a(lib_a-fini.o)
 .data          0x00000000        0x0 c:/progra~1/gcc-arm-none-eabi-10.3-2021.10/bin/../lib/gcc/arm-none-eabi/10.3.1/../../../../arm-none-eabi/lib/thumb/v7e-m/nofp\libg.a(lib_a-fini.o)
 .bss           0x00000000        0x0 c:/progra~1/gcc-arm-none-eabi-10.3-2021.10/bin/../lib/gcc/arm-none-eabi/10.3.1/../../../../arm-none-eabi/lib/thumb/v7e-m/nofp\libg.a(lib_a-fini.o)
 .text          0x00000000        0x0 c:/progra~1/gcc-arm-none-eabi-10.3-2021.10/bin/../lib/gcc/arm-none-eabi/10.3.1/../../../../arm-none-eabi/lib/thumb/v7e-m/nofp\libg.a(lib_a-lock.o)
 .data          0x00000000        0x0 c:/progra~1/gcc-arm-none-eabi-10.3-2021.10/bin/../lib/gcc/arm-none-eabi/10.3.1/../../../../arm-none-eabi/lib/thumb/v7e-m/nofp\libg.a(lib_a-lock.o)
 .bss           0x00000000        0x0 c:/progra~1/gcc-arm-none-eabi-10.3-2021.10/bin/../lib/gcc/arm-none-eabi/10.3.1/../../../../arm-none-eabi/lib/thumb/v7e-m/nofp\libg.a(lib_a-lock.o)
 .text.__retarget_lock_init
                0x00000000        0x4 c:/progra~1/gcc-arm-none-eabi-10.3-2021.10/bin/../lib/gcc/arm-none-eabi/10.3.1/../../../../arm-none-eabi/lib/thumb/v7e-m/nofp\libg.a(lib_a-lock.o)
 .text.__retarget_lock_init_recursive
                0x00000000        0x4 c:/progra~1/gcc-arm-none-eabi-10.3-2021.10/bin/../lib/gcc/arm-none-eabi/10.3.1/../../../../arm-none-eabi/lib/thumb/v7e-m/nofp\libg.a(lib_a-lock.o)
 .text.__retarget_lock_close
                0x00000000        0x4 c:/progra~1/gcc-arm-none-eabi-10.3-2021.10/bin/../lib/gcc/arm-none-eabi/10.3.1/../../../../arm-none-eabi/lib/thumb/v7e-m/nofp\libg.a(lib_a-lock.o)
 .text.__retarget_lock_close_recursive
                0x00000000        0x4 c:/progra~1/gcc-arm-none-eabi-10.3-2021.10/bin/../lib/gcc/arm-none-eabi/10.3.1/../../../../arm-none-eabi/lib/thumb/v7e-m/nofp\libg.a(lib_a-lock.o)
 .text.__retarget_lock_acquire
                0x00000000        0x4 c:/progra~1/gcc-arm-none-eabi-10.3-2021.10/bin/../lib/gcc/arm-none-eabi/10.3.1/../../../../arm-none-eabi/lib/thumb/v7e-m/nofp\libg.a(lib_a-lock.o)
 .text.__retarget_lock_try_acquire
                0x00000000        0x4 c:/progra~1/gcc-arm-none-eabi-10.3-2021.10/bin/../lib/gcc/arm-none-eabi/10.3.1/../../../../arm-none-eabi/lib/thumb/v7e-m/nofp\libg.a(lib_a-lock.o)
 .text.__retarget_lock_try_acquire_recursive
                0x00000000        0x4 c:/progra~1/gcc-arm-none-eabi-10.3-2021.10/bin/../lib/gcc/arm-none-eabi/10.3.1/../../../../arm-none-eabi/lib/thumb/v7e-m/nofp\libg.a(lib_a-lock.o)
 .text.__retarget_lock_release
                0x00000000        0x4 c:/progra~1/gcc-arm-none-eabi-10.3-2021.10/bin/../lib/gcc/arm-none-eabi/10.3.1/../../../../arm-none-eabi/lib/thumb/v7e-m/nofp\libg.a(lib_a-lock.o)
 .bss.__lock___arc4random_mutex
                0x00000000        0x1 c:/progra~1/gcc-arm-none-eabi-10.3-2021.10/bin/../lib/gcc/arm-none-eabi/10.3.1/../../../../arm-none-eabi/lib/thumb/v7e-m/nofp\libg.a(lib_a-lock.o)
 .bss.__lock___at_quick_exit_mutex
                0x00000000        0x1 c:/progra~1/gcc-arm-none-eabi-10.3-2021.10/bin/../lib/gcc/arm-none-eabi/10.3.1/../../../../arm-none-eabi/lib/thumb/v7e-m/nofp\libg.a(lib_a-lock.o)
 .bss.__lock___dd_hash_mutex
                0x00000000        0x1 c:/progra~1/gcc-arm-none-eabi-10.3-2021.10/bin/../lib/gcc/arm-none-eabi/10.3.1/../../../../arm-none-eabi/lib/thumb/v7e-m/nofp\libg.a(lib_a-lock.o)
 .bss.__lock___env_recursive_mutex
                0x00000000        0x1 c:/progra~1/gcc-arm-none-eabi-10.3-2021.10/bin/../lib/gcc/arm-none-eabi/10.3.1/../../../../arm-none-eabi/lib/thumb/v7e-m/nofp\libg.a(lib_a-lock.o)
 .bss.__lock___malloc_recursive_mutex
                0x00000000        0x1 c:/progra~1/gcc-arm-none-eabi-10.3-2021.10/bin/../lib/gcc/arm-none-eabi/10.3.1/../../../../arm-none-eabi/lib/thumb/v7e-m/nofp\libg.a(lib_a-lock.o)
 .bss.__lock___sfp_recursive_mutex
                0x00000000        0x1 c:/progra~1/gcc-arm-none-eabi-10.3-2021.10/bin/../lib/gcc/arm-none-eabi/10.3.1/../../../../arm-none-eabi/lib/thumb/v7e-m/nofp\libg.a(lib_a-lock.o)
 .bss.__lock___sinit_recursive_mutex
                0x00000000        0x1 c:/progra~1/gcc-arm-none-eabi-10.3-2021.10/bin/../lib/gcc/arm-none-eabi/10.3.1/../../../../arm-none-eabi/lib/thumb/v7e-m/nofp\libg.a(lib_a-lock.o)
 .bss.__lock___tz_mutex
                0x00000000        0x1 c:/progra~1/gcc-arm-none-eabi-10.3-2021.10/bin/../lib/gcc/arm-none-eabi/10.3.1/../../../../arm-none-eabi/lib/thumb/v7e-m/nofp\libg.a(lib_a-lock.o)
 .text          0x00000000        0x0 c:/progra~1/gcc-arm-none-eabi-10.3-2021.10/bin/../lib/gcc/arm-none-eabi/10.3.1/../../../../arm-none-eabi/lib/thumb/v7e-m/nofp\libg.a(lib_a-__atexit.o)
 .data          0x00000000        0x0 c:/progra~1/gcc-arm-none-eabi-10.3-2021.10/bin/../lib/gcc/arm-none-eabi/10.3.1/../../../../arm-none-eabi/lib/thumb/v7e-m/nofp\libg.a(lib_a-__atexit.o)
 .bss           0x00000000        0x0 c:/progra~1/gcc-arm-none-eabi-10.3-2021.10/bin/../lib/gcc/arm-none-eabi/10.3.1/../../../../arm-none-eabi/lib/thumb/v7e-m/nofp\libg.a(lib_a-__atexit.o)
 .text          0x00000000        0x0 c:/progra~1/gcc-arm-none-eabi-10.3-2021.10/bin/../lib/gcc/arm-none-eabi/10.3.1/thumb/v7e-m/nofp/crtend.o
 .data          0x00000000        0x0 c:/progra~1/gcc-arm-none-eabi-10.3-2021.10/bin/../lib/gcc/arm-none-eabi/10.3.1/thumb/v7e-m/nofp/crtend.o
 .bss           0x00000000        0x0 c:/progra~1/gcc-arm-none-eabi-10.3-2021.10/bin/../lib/gcc/arm-none-eabi/10.3.1/thumb/v7e-m/nofp/crtend.o
 .rodata        0x00000000       0x24 c:/progra~1/gcc-arm-none-eabi-10.3-2021.10/bin/../lib/gcc/arm-none-eabi/10.3.1/thumb/v7e-m/nofp/crtend.o
 .eh_frame      0x00000000        0x4 c:/progra~1/gcc-arm-none-eabi-10.3-2021.10/bin/../lib/gcc/arm-none-eabi/10.3.1/thumb/v7e-m/nofp/crtend.o
 .ARM.attributes
                0x00000000       0x2e c:/progra~1/gcc-arm-none-eabi-10.3-2021.10/bin/../lib/gcc/arm-none-eabi/10.3.1/thumb/v7e-m/nofp/crtend.o
 .text          0x00000000        0x0 c:/progra~1/gcc-arm-none-eabi-10.3-2021.10/bin/../lib/gcc/arm-none-eabi/10.3.1/thumb/v7e-m/nofp/crtn.o
 .data          0x00000000        0x0 c:/progra~1/gcc-arm-none-eabi-10.3-2021.10/bin/../lib/gcc/arm-none-eabi/10.3.1/thumb/v7e-m/nofp/crtn.o
 .bss           0x00000000        0x0 c:/progra~1/gcc-arm-none-eabi-10.3-2021.10/bin/../lib/gcc/arm-none-eabi/10.3.1/thumb/v7e-m/nofp/crtn.o

Memory Configuration

Name             Origin             Length             Attributes
CCMRAM           0x10000000         0x00010000         xrw
RAM              0x20000000         0x00020000         xrw
FLASH            0x08000000         0x00100000         xr
*default*        0x00000000         0xffffffff

Linker script and memory map

LOAD c:/progra~1/gcc-arm-none-eabi-10.3-2021.10/bin/../lib/gcc/arm-none-eabi/10.3.1/thumb/v7e-m/nofp/crti.o
LOAD c:/progra~1/gcc-arm-none-eabi-10.3-2021.10/bin/../lib/gcc/arm-none-eabi/10.3.1/thumb/v7e-m/nofp/crtbegin.o
LOAD c:/progra~1/gcc-arm-none-eabi-10.3-2021.10/bin/../lib/gcc/arm-none-eabi/10.3.1/../../../../arm-none-eabi/lib/thumb/v7e-m/nofp/crt0.o
LOAD CMakeFiles/text.elf.dir/Core/Src/gpio.c.obj
LOAD CMakeFiles/text.elf.dir/Core/Src/main.c.obj
LOAD CMakeFiles/text.elf.dir/Core/Src/stm32f4xx_it.c.obj
LOAD CMakeFiles/text.elf.dir/Core/Src/syscalls.c.obj
LOAD CMakeFiles/text.elf.dir/Core/Src/sysmem.c.obj
LOAD CMakeFiles/text.elf.dir/Core/Src/system_stm32f4xx.c.obj
LOAD CMakeFiles/text.elf.dir/Core/Startup/startup_stm32f407zgtx.s.obj
LOAD CMakeFiles/text.elf.dir/Drivers/STM32F4xx_HAL_Driver/Src/stm32f4xx_ll_exti.c.obj
LOAD CMakeFiles/text.elf.dir/Drivers/STM32F4xx_HAL_Driver/Src/stm32f4xx_ll_gpio.c.obj
LOAD CMakeFiles/text.elf.dir/Drivers/STM32F4xx_HAL_Driver/Src/stm32f4xx_ll_rcc.c.obj
LOAD CMakeFiles/text.elf.dir/Drivers/STM32F4xx_HAL_Driver/Src/stm32f4xx_ll_utils.c.obj
START GROUP
LOAD c:/progra~1/gcc-arm-none-eabi-10.3-2021.10/bin/../lib/gcc/arm-none-eabi/10.3.1/thumb/v7e-m/nofp\libgcc.a
LOAD c:/progra~1/gcc-arm-none-eabi-10.3-2021.10/bin/../lib/gcc/arm-none-eabi/10.3.1/../../../../arm-none-eabi/lib/thumb/v7e-m/nofp\libg.a
LOAD c:/progra~1/gcc-arm-none-eabi-10.3-2021.10/bin/../lib/gcc/arm-none-eabi/10.3.1/../../../../arm-none-eabi/lib/thumb/v7e-m/nofp\libc.a
END GROUP
LOAD c:/progra~1/gcc-arm-none-eabi-10.3-2021.10/bin/../lib/gcc/arm-none-eabi/10.3.1/thumb/v7e-m/nofp/crtend.o
LOAD c:/progra~1/gcc-arm-none-eabi-10.3-2021.10/bin/../lib/gcc/arm-none-eabi/10.3.1/thumb/v7e-m/nofp/crtn.o
                0x20020000                _estack = (ORIGIN (RAM) + LENGTH (RAM))
                0x00000200                _Min_Heap_Size = 0x200
                0x00000400                _Min_Stack_Size = 0x400

.isr_vector     0x08000000      0x188
                0x08000000                . = ALIGN (0x4)
 *(.isr_vector)
 .isr_vector    0x08000000      0x188 CMakeFiles/text.elf.dir/Core/Startup/startup_stm32f407zgtx.s.obj
                0x08000000                g_pfnVectors
                0x08000188                . = ALIGN (0x4)

.text           0x08000188      0x5bc
                0x08000188                . = ALIGN (0x4)
 *(.text)
 .text          0x08000188       0x40 c:/progra~1/gcc-arm-none-eabi-10.3-2021.10/bin/../lib/gcc/arm-none-eabi/10.3.1/thumb/v7e-m/nofp/crtbegin.o
 *(.text*)
 .text.MX_GPIO_Init
                0x080001c8       0x90 CMakeFiles/text.elf.dir/Core/Src/gpio.c.obj
                0x080001c8                MX_GPIO_Init
 .text.SystemClock_Config
                0x08000258       0xd0 CMakeFiles/text.elf.dir/Core/Src/main.c.obj
                0x08000258                SystemClock_Config
 .text.main     0x08000328       0xcc CMakeFiles/text.elf.dir/Core/Src/main.c.obj
                0x08000328                main
 .text.NMI_Handler
                0x080003f4        0x2 CMakeFiles/text.elf.dir/Core/Src/stm32f4xx_it.c.obj
                0x080003f4                NMI_Handler
 .text.HardFault_Handler
                0x080003f6        0x2 CMakeFiles/text.elf.dir/Core/Src/stm32f4xx_it.c.obj
                0x080003f6                HardFault_Handler
 .text.MemManage_Handler
                0x080003f8        0x2 CMakeFiles/text.elf.dir/Core/Src/stm32f4xx_it.c.obj
                0x080003f8                MemManage_Handler
 .text.BusFault_Handler
                0x080003fa        0x2 CMakeFiles/text.elf.dir/Core/Src/stm32f4xx_it.c.obj
                0x080003fa                BusFault_Handler
 .text.UsageFault_Handler
                0x080003fc        0x2 CMakeFiles/text.elf.dir/Core/Src/stm32f4xx_it.c.obj
                0x080003fc                UsageFault_Handler
 .text.SVC_Handler
                0x080003fe        0x2 CMakeFiles/text.elf.dir/Core/Src/stm32f4xx_it.c.obj
                0x080003fe                SVC_Handler
 .text.DebugMon_Handler
                0x08000400        0x2 CMakeFiles/text.elf.dir/Core/Src/stm32f4xx_it.c.obj
                0x08000400                DebugMon_Handler
 .text.PendSV_Handler
                0x08000402        0x2 CMakeFiles/text.elf.dir/Core/Src/stm32f4xx_it.c.obj
                0x08000402                PendSV_Handler
 .text.SysTick_Handler
                0x08000404        0x2 CMakeFiles/text.elf.dir/Core/Src/stm32f4xx_it.c.obj
                0x08000404                SysTick_Handler
 .text.SystemInit
                0x08000406        0x2 CMakeFiles/text.elf.dir/Core/Src/system_stm32f4xx.c.obj
                0x08000406                SystemInit
 .text.Reset_Handler
                0x08000408       0x50 CMakeFiles/text.elf.dir/Core/Startup/startup_stm32f407zgtx.s.obj
                0x08000408                Reset_Handler
 .text.Default_Handler
                0x08000458        0x2 CMakeFiles/text.elf.dir/Core/Startup/startup_stm32f407zgtx.s.obj
                0x08000458                RTC_Alarm_IRQHandler
                0x08000458                HASH_RNG_IRQHandler
                0x08000458                EXTI2_IRQHandler
                0x08000458                TIM8_CC_IRQHandler
                0x08000458                TIM1_CC_IRQHandler
                0x08000458                DMA2_Stream5_IRQHandler
                0x08000458                DMA1_Stream5_IRQHandler
                0x08000458                PVD_IRQHandler
                0x08000458                SDIO_IRQHandler
                0x08000458                TAMP_STAMP_IRQHandler
                0x08000458                CAN2_RX1_IRQHandler
                0x08000458                EXTI3_IRQHandler
                0x08000458                TIM8_TRG_COM_TIM14_IRQHandler
                0x08000458                TIM1_UP_TIM10_IRQHandler
                0x08000458                TIM8_UP_TIM13_IRQHandler
                0x08000458                I2C3_ER_IRQHandler
                0x08000458                EXTI0_IRQHandler
                0x08000458                I2C2_EV_IRQHandler
                0x08000458                DMA1_Stream2_IRQHandler
                0x08000458                CAN1_RX0_IRQHandler
                0x08000458                FPU_IRQHandler
                0x08000458                OTG_HS_WKUP_IRQHandler
                0x08000458                CAN2_SCE_IRQHandler
                0x08000458                DMA2_Stream2_IRQHandler
                0x08000458                SPI1_IRQHandler
                0x08000458                TIM6_DAC_IRQHandler
                0x08000458                TIM1_BRK_TIM9_IRQHandler
                0x08000458                DCMI_IRQHandler
                0x08000458                CAN2_RX0_IRQHandler
                0x08000458                DMA2_Stream3_IRQHandler
                0x08000458                USART6_IRQHandler
                0x08000458                USART3_IRQHandler
                0x08000458                CAN1_RX1_IRQHandler
                0x08000458                UART5_IRQHandler
                0x08000458                DMA2_Stream0_IRQHandler
                0x08000458                TIM4_IRQHandler
                0x08000458                I2C1_EV_IRQHandler
                0x08000458                DMA1_Stream6_IRQHandler
                0x08000458                DMA1_Stream1_IRQHandler
                0x08000458                UART4_IRQHandler
                0x08000458                TIM3_IRQHandler
                0x08000458                RCC_IRQHandler
                0x08000458                TIM8_BRK_TIM12_IRQHandler
                0x08000458                Default_Handler
                0x08000458                EXTI15_10_IRQHandler
                0x08000458                ADC_IRQHandler
                0x08000458                DMA1_Stream7_IRQHandler
                0x08000458                TIM7_IRQHandler
                0x08000458                CAN2_TX_IRQHandler
                0x08000458                TIM5_IRQHandler
                0x08000458                DMA2_Stream7_IRQHandler
                0x08000458                I2C3_EV_IRQHandler
                0x08000458                EXTI9_5_IRQHandler
                0x08000458                RTC_WKUP_IRQHandler
                0x08000458                ETH_WKUP_IRQHandler
                0x08000458                SPI2_IRQHandler
                0x08000458                OTG_HS_EP1_IN_IRQHandler
                0x08000458                DMA1_Stream0_IRQHandler
                0x08000458                CAN1_TX_IRQHandler
                0x08000458                EXTI4_IRQHandler
                0x08000458                FSMC_IRQHandler
                0x08000458                ETH_IRQHandler
                0x08000458                OTG_HS_EP1_OUT_IRQHandler
                0x08000458                WWDG_IRQHandler
                0x08000458                TIM2_IRQHandler
                0x08000458                OTG_FS_WKUP_IRQHandler
                0x08000458                TIM1_TRG_COM_TIM11_IRQHandler
                0x08000458                OTG_HS_IRQHandler
                0x08000458                EXTI1_IRQHandler
                0x08000458                USART2_IRQHandler
                0x08000458                I2C2_ER_IRQHandler
                0x08000458                DMA2_Stream1_IRQHandler
                0x08000458                CAN1_SCE_IRQHandler
                0x08000458                FLASH_IRQHandler
                0x08000458                DMA2_Stream4_IRQHandler
                0x08000458                USART1_IRQHandler
                0x08000458                OTG_FS_IRQHandler
                0x08000458                SPI3_IRQHandler
                0x08000458                DMA1_Stream4_IRQHandler
                0x08000458                I2C1_ER_IRQHandler
                0x08000458                DMA2_Stream6_IRQHandler
                0x08000458                DMA1_Stream3_IRQHandler
 .text.LL_GPIO_Init
                0x0800045a      0x150 CMakeFiles/text.elf.dir/Drivers/STM32F4xx_HAL_Driver/Src/stm32f4xx_ll_gpio.c.obj
                0x0800045a                LL_GPIO_Init
 *fill*         0x080005aa        0x2 
 .text.LL_Init1msTick
                0x080005ac       0x20 CMakeFiles/text.elf.dir/Drivers/STM32F4xx_HAL_Driver/Src/stm32f4xx_ll_utils.c.obj
                0x080005ac                LL_Init1msTick
 .text.LL_mDelay
                0x080005cc       0x2a CMakeFiles/text.elf.dir/Drivers/STM32F4xx_HAL_Driver/Src/stm32f4xx_ll_utils.c.obj
                0x080005cc                LL_mDelay
 *fill*         0x080005f6        0x2 
 .text.LL_SetSystemCoreClock
                0x080005f8        0xc CMakeFiles/text.elf.dir/Drivers/STM32F4xx_HAL_Driver/Src/stm32f4xx_ll_utils.c.obj
                0x080005f8                LL_SetSystemCoreClock
 .text.__libc_init_array
                0x08000604       0x48 c:/progra~1/gcc-arm-none-eabi-10.3-2021.10/bin/../lib/gcc/arm-none-eabi/10.3.1/../../../../arm-none-eabi/lib/thumb/v7e-m/nofp\libg.a(lib_a-init.o)
                0x08000604                __libc_init_array
 .text.startup.register_fini
                0x0800064c       0x14 c:/progra~1/gcc-arm-none-eabi-10.3-2021.10/bin/../lib/gcc/arm-none-eabi/10.3.1/../../../../arm-none-eabi/lib/thumb/v7e-m/nofp\libg.a(lib_a-__call_atexit.o)
 .text.atexit   0x08000660        0xc c:/progra~1/gcc-arm-none-eabi-10.3-2021.10/bin/../lib/gcc/arm-none-eabi/10.3.1/../../../../arm-none-eabi/lib/thumb/v7e-m/nofp\libg.a(lib_a-atexit.o)
                0x08000660                atexit
 .text.__libc_fini_array
                0x0800066c       0x2c c:/progra~1/gcc-arm-none-eabi-10.3-2021.10/bin/../lib/gcc/arm-none-eabi/10.3.1/../../../../arm-none-eabi/lib/thumb/v7e-m/nofp\libg.a(lib_a-fini.o)
                0x0800066c                __libc_fini_array
 .text.__retarget_lock_acquire_recursive
                0x08000698        0x4 c:/progra~1/gcc-arm-none-eabi-10.3-2021.10/bin/../lib/gcc/arm-none-eabi/10.3.1/../../../../arm-none-eabi/lib/thumb/v7e-m/nofp\libg.a(lib_a-lock.o)
                0x08000698                __retarget_lock_acquire_recursive
 .text.__retarget_lock_release_recursive
                0x0800069c        0x4 c:/progra~1/gcc-arm-none-eabi-10.3-2021.10/bin/../lib/gcc/arm-none-eabi/10.3.1/../../../../arm-none-eabi/lib/thumb/v7e-m/nofp\libg.a(lib_a-lock.o)
                0x0800069c                __retarget_lock_release_recursive
 .text.__register_exitproc
                0x080006a0       0x8c c:/progra~1/gcc-arm-none-eabi-10.3-2021.10/bin/../lib/gcc/arm-none-eabi/10.3.1/../../../../arm-none-eabi/lib/thumb/v7e-m/nofp\libg.a(lib_a-__atexit.o)
                0x080006a0                __register_exitproc
 *(.glue_7)
 .glue_7        0x0800072c        0x0 linker stubs
 *(.glue_7t)
 .glue_7t       0x0800072c        0x0 linker stubs
 *(.eh_frame)
 .eh_frame      0x0800072c        0x0 c:/progra~1/gcc-arm-none-eabi-10.3-2021.10/bin/../lib/gcc/arm-none-eabi/10.3.1/thumb/v7e-m/nofp/crtbegin.o
 *(.init)
 .init          0x0800072c        0x4 c:/progra~1/gcc-arm-none-eabi-10.3-2021.10/bin/../lib/gcc/arm-none-eabi/10.3.1/thumb/v7e-m/nofp/crti.o
                0x0800072c                _init
 .init          0x08000730        0x8 c:/progra~1/gcc-arm-none-eabi-10.3-2021.10/bin/../lib/gcc/arm-none-eabi/10.3.1/thumb/v7e-m/nofp/crtn.o
 *(.fini)
 .fini          0x08000738        0x4 c:/progra~1/gcc-arm-none-eabi-10.3-2021.10/bin/../lib/gcc/arm-none-eabi/10.3.1/thumb/v7e-m/nofp/crti.o
                0x08000738                _fini
 .fini          0x0800073c        0x8 c:/progra~1/gcc-arm-none-eabi-10.3-2021.10/bin/../lib/gcc/arm-none-eabi/10.3.1/thumb/v7e-m/nofp/crtn.o
                0x08000744                . = ALIGN (0x4)
                0x08000744                _etext = .

.vfp11_veneer   0x08000744        0x0
 .vfp11_veneer  0x08000744        0x0 linker stubs

.v4_bx          0x08000744        0x0
 .v4_bx         0x08000744        0x0 linker stubs

.iplt           0x08000744        0x0
 .iplt          0x08000744        0x0 c:/progra~1/gcc-arm-none-eabi-10.3-2021.10/bin/../lib/gcc/arm-none-eabi/10.3.1/thumb/v7e-m/nofp/crtbegin.o

.rodata         0x08000744        0x4
                0x08000744                . = ALIGN (0x4)
 *(.rodata)
 *(.rodata*)
 .rodata._global_impure_ptr
                0x08000744        0x4 c:/progra~1/gcc-arm-none-eabi-10.3-2021.10/bin/../lib/gcc/arm-none-eabi/10.3.1/../../../../arm-none-eabi/lib/thumb/v7e-m/nofp\libg.a(lib_a-impure.o)
                0x08000744                _global_impure_ptr
                0x08000748                . = ALIGN (0x4)

.rel.dyn        0x08000748        0x0
 .rel.iplt      0x08000748        0x0 c:/progra~1/gcc-arm-none-eabi-10.3-2021.10/bin/../lib/gcc/arm-none-eabi/10.3.1/thumb/v7e-m/nofp/crtbegin.o

.ARM.extab      0x08000748        0x0
                0x08000748                . = ALIGN (0x4)
 *(.ARM.extab* .gnu.linkonce.armextab.*)
                0x08000748                . = ALIGN (0x4)

.ARM            0x08000748        0x0
                0x08000748                . = ALIGN (0x4)
                0x08000748                __exidx_start = .
 *(.ARM.exidx*)
                0x08000748                __exidx_end = .
                0x08000748                . = ALIGN (0x4)

.preinit_array  0x08000748        0x0
                0x08000748                . = ALIGN (0x4)
                0x08000748                PROVIDE (__preinit_array_start = .)
 *(.preinit_array*)
                0x08000748                PROVIDE (__preinit_array_end = .)
                0x08000748                . = ALIGN (0x4)

.init_array     0x08000748        0x8
                0x08000748                . = ALIGN (0x4)
                0x08000748                PROVIDE (__init_array_start = .)
 *(SORT_BY_NAME(.init_array.*))
 .init_array.00000
                0x08000748        0x4 c:/progra~1/gcc-arm-none-eabi-10.3-2021.10/bin/../lib/gcc/arm-none-eabi/10.3.1/../../../../arm-none-eabi/lib/thumb/v7e-m/nofp\libg.a(lib_a-__call_atexit.o)
 *(.init_array*)
 .init_array    0x0800074c        0x4 c:/progra~1/gcc-arm-none-eabi-10.3-2021.10/bin/../lib/gcc/arm-none-eabi/10.3.1/thumb/v7e-m/nofp/crtbegin.o
                0x08000750                PROVIDE (__init_array_end = .)
                0x08000750                . = ALIGN (0x4)

.fini_array     0x08000750        0x4
                0x08000750                . = ALIGN (0x4)
                0x08000750                PROVIDE (__fini_array_start = .)
 *(SORT_BY_NAME(.fini_array.*))
 *(.fini_array*)
 .fini_array    0x08000750        0x4 c:/progra~1/gcc-arm-none-eabi-10.3-2021.10/bin/../lib/gcc/arm-none-eabi/10.3.1/thumb/v7e-m/nofp/crtbegin.o
                0x08000754                PROVIDE (__fini_array_end = .)
                0x08000754                . = ALIGN (0x4)
                0x08000754                _sidata = LOADADDR (.data)

.data           0x20000000      0x434 load address 0x08000754
                0x20000000                . = ALIGN (0x4)
                0x20000000                _sdata = .
 *(.data)
 *(.data*)
 .data.SystemCoreClock
                0x20000000        0x4 CMakeFiles/text.elf.dir/Core/Src/system_stm32f4xx.c.obj
                0x20000000                SystemCoreClock
 *fill*         0x20000004        0x4 
 .data.impure_data
                0x20000008      0x428 c:/progra~1/gcc-arm-none-eabi-10.3-2021.10/bin/../lib/gcc/arm-none-eabi/10.3.1/../../../../arm-none-eabi/lib/thumb/v7e-m/nofp\libg.a(lib_a-impure.o)
 .data.__atexit_recursive_mutex
                0x20000430        0x4 c:/progra~1/gcc-arm-none-eabi-10.3-2021.10/bin/../lib/gcc/arm-none-eabi/10.3.1/../../../../arm-none-eabi/lib/thumb/v7e-m/nofp\libg.a(lib_a-__call_atexit.o)
                0x20000430                __atexit_recursive_mutex
 *(.RamFunc)
 *(.RamFunc*)
                0x20000434                . = ALIGN (0x4)
                0x20000434                _edata = .
                0x08000b88                _siccmram = LOADADDR (.ccmram)

.igot.plt       0x20000434        0x0 load address 0x08000b88
 .igot.plt      0x20000434        0x0 c:/progra~1/gcc-arm-none-eabi-10.3-2021.10/bin/../lib/gcc/arm-none-eabi/10.3.1/thumb/v7e-m/nofp/crtbegin.o

.ccmram         0x10000000        0x0 load address 0x08000b88
                0x10000000                . = ALIGN (0x4)
                0x10000000                _sccmram = .
 *(.ccmram)
 *(.ccmram*)
                0x10000000                . = ALIGN (0x4)
                0x10000000                _eccmram = .
                0x10000000                . = ALIGN (0x4)

.bss            0x20000434       0x20
                0x20000434                _sbss = .
                0x20000434                __bss_start__ = _sbss
 *(.bss)
 .bss           0x20000434       0x1c c:/progra~1/gcc-arm-none-eabi-10.3-2021.10/bin/../lib/gcc/arm-none-eabi/10.3.1/thumb/v7e-m/nofp/crtbegin.o
 *(.bss*)
 .bss.__lock___atexit_recursive_mutex
                0x20000450        0x1 c:/progra~1/gcc-arm-none-eabi-10.3-2021.10/bin/../lib/gcc/arm-none-eabi/10.3.1/../../../../arm-none-eabi/lib/thumb/v7e-m/nofp\libg.a(lib_a-lock.o)
                0x20000450                __lock___atexit_recursive_mutex
 *(COMMON)
                0x20000454                . = ALIGN (0x4)
 *fill*         0x20000451        0x3 
                0x20000454                _ebss = .
                0x20000454                __bss_end__ = _ebss

._user_heap_stack
                0x20000454      0x604
                0x20000458                . = ALIGN (0x8)
 *fill*         0x20000454        0x4 
                [!provide]                PROVIDE (end = .)
                0x20000458                PROVIDE (_end = .)
                0x20000658                . = (. + _Min_Heap_Size)
 *fill*         0x20000458      0x200 
                0x20000a58                . = (. + _Min_Stack_Size)
 *fill*         0x20000658      0x400 
                0x20000a58                . = ALIGN (0x8)

/DISCARD/
 libc.a(*)
 libm.a(*)
 libgcc.a(*)

.ARM.attributes
                0x00000000       0x2a
 *(.ARM.attributes)
 .ARM.attributes
                0x00000000       0x1e c:/progra~1/gcc-arm-none-eabi-10.3-2021.10/bin/../lib/gcc/arm-none-eabi/10.3.1/thumb/v7e-m/nofp/crti.o
 .ARM.attributes
                0x0000001e       0x2e c:/progra~1/gcc-arm-none-eabi-10.3-2021.10/bin/../lib/gcc/arm-none-eabi/10.3.1/thumb/v7e-m/nofp/crtbegin.o
 .ARM.attributes
                0x0000004c       0x2e CMakeFiles/text.elf.dir/Core/Src/gpio.c.obj
 .ARM.attributes
                0x0000007a       0x2e CMakeFiles/text.elf.dir/Core/Src/main.c.obj
 .ARM.attributes
                0x000000a8       0x2e CMakeFiles/text.elf.dir/Core/Src/stm32f4xx_it.c.obj
 .ARM.attributes
                0x000000d6       0x2e CMakeFiles/text.elf.dir/Core/Src/system_stm32f4xx.c.obj
 .ARM.attributes
                0x00000104       0x21 CMakeFiles/text.elf.dir/Core/Startup/startup_stm32f407zgtx.s.obj
 .ARM.attributes
                0x00000125       0x2e CMakeFiles/text.elf.dir/Drivers/STM32F4xx_HAL_Driver/Src/stm32f4xx_ll_gpio.c.obj
 .ARM.attributes
                0x00000153       0x2e CMakeFiles/text.elf.dir/Drivers/STM32F4xx_HAL_Driver/Src/stm32f4xx_ll_utils.c.obj
 .ARM.attributes
                0x00000181       0x2e c:/progra~1/gcc-arm-none-eabi-10.3-2021.10/bin/../lib/gcc/arm-none-eabi/10.3.1/../../../../arm-none-eabi/lib/thumb/v7e-m/nofp\libg.a(lib_a-impure.o)
 .ARM.attributes
                0x000001af       0x2e c:/progra~1/gcc-arm-none-eabi-10.3-2021.10/bin/../lib/gcc/arm-none-eabi/10.3.1/../../../../arm-none-eabi/lib/thumb/v7e-m/nofp\libg.a(lib_a-init.o)
 .ARM.attributes
                0x000001dd       0x2e c:/progra~1/gcc-arm-none-eabi-10.3-2021.10/bin/../lib/gcc/arm-none-eabi/10.3.1/../../../../arm-none-eabi/lib/thumb/v7e-m/nofp\libg.a(lib_a-__call_atexit.o)
 .ARM.attributes
                0x0000020b       0x2e c:/progra~1/gcc-arm-none-eabi-10.3-2021.10/bin/../lib/gcc/arm-none-eabi/10.3.1/../../../../arm-none-eabi/lib/thumb/v7e-m/nofp\libg.a(lib_a-atexit.o)
 .ARM.attributes
                0x00000239       0x2e c:/progra~1/gcc-arm-none-eabi-10.3-2021.10/bin/../lib/gcc/arm-none-eabi/10.3.1/../../../../arm-none-eabi/lib/thumb/v7e-m/nofp\libg.a(lib_a-fini.o)
 .ARM.attributes
                0x00000267       0x2e c:/progra~1/gcc-arm-none-eabi-10.3-2021.10/bin/../lib/gcc/arm-none-eabi/10.3.1/../../../../arm-none-eabi/lib/thumb/v7e-m/nofp\libg.a(lib_a-lock.o)
 .ARM.attributes
                0x00000295       0x2e c:/progra~1/gcc-arm-none-eabi-10.3-2021.10/bin/../lib/gcc/arm-none-eabi/10.3.1/../../../../arm-none-eabi/lib/thumb/v7e-m/nofp\libg.a(lib_a-__atexit.o)
 .ARM.attributes
                0x000002c3       0x1e c:/progra~1/gcc-arm-none-eabi-10.3-2021.10/bin/../lib/gcc/arm-none-eabi/10.3.1/thumb/v7e-m/nofp/crtn.o
OUTPUT(text.elf elf32-littlearm)
LOAD linker stubs
LOAD c:/progra~1/gcc-arm-none-eabi-10.3-2021.10/bin/../lib/gcc/arm-none-eabi/10.3.1/../../../../arm-none-eabi/lib/thumb/v7e-m/nofp\libc.a
LOAD c:/progra~1/gcc-arm-none-eabi-10.3-2021.10/bin/../lib/gcc/arm-none-eabi/10.3.1/../../../../arm-none-eabi/lib/thumb/v7e-m/nofp\libm.a
LOAD c:/progra~1/gcc-arm-none-eabi-10.3-2021.10/bin/../lib/gcc/arm-none-eabi/10.3.1/thumb/v7e-m/nofp\libgcc.a

.debug_info     0x00000000     0x349e
 .debug_info    0x00000000      0x55b CMakeFiles/text.elf.dir/Core/Src/gpio.c.obj
 .debug_info    0x0000055b     0x1140 CMakeFiles/text.elf.dir/Core/Src/main.c.obj
 .debug_info    0x0000169b      0x155 CMakeFiles/text.elf.dir/Core/Src/stm32f4xx_it.c.obj
 .debug_info    0x000017f0      0x376 CMakeFiles/text.elf.dir/Core/Src/system_stm32f4xx.c.obj
 .debug_info    0x00001b66       0x22 CMakeFiles/text.elf.dir/Core/Startup/startup_stm32f407zgtx.s.obj
 .debug_info    0x00001b88      0xc9b CMakeFiles/text.elf.dir/Drivers/STM32F4xx_HAL_Driver/Src/stm32f4xx_ll_gpio.c.obj
 .debug_info    0x00002823      0xc7b CMakeFiles/text.elf.dir/Drivers/STM32F4xx_HAL_Driver/Src/stm32f4xx_ll_utils.c.obj

.debug_abbrev   0x00000000      0xa96
 .debug_abbrev  0x00000000      0x1a6 CMakeFiles/text.elf.dir/Core/Src/gpio.c.obj
 .debug_abbrev  0x000001a6      0x291 CMakeFiles/text.elf.dir/Core/Src/main.c.obj
 .debug_abbrev  0x00000437       0x7d CMakeFiles/text.elf.dir/Core/Src/stm32f4xx_it.c.obj
 .debug_abbrev  0x000004b4      0x119 CMakeFiles/text.elf.dir/Core/Src/system_stm32f4xx.c.obj
 .debug_abbrev  0x000005cd       0x12 CMakeFiles/text.elf.dir/Core/Startup/startup_stm32f407zgtx.s.obj
 .debug_abbrev  0x000005df      0x250 CMakeFiles/text.elf.dir/Drivers/STM32F4xx_HAL_Driver/Src/stm32f4xx_ll_gpio.c.obj
 .debug_abbrev  0x0000082f      0x267 CMakeFiles/text.elf.dir/Drivers/STM32F4xx_HAL_Driver/Src/stm32f4xx_ll_utils.c.obj

.debug_loc      0x00000000     0x1365
 .debug_loc     0x00000000       0x8c CMakeFiles/text.elf.dir/Core/Src/gpio.c.obj
 .debug_loc     0x0000008c      0x3c5 CMakeFiles/text.elf.dir/Core/Src/main.c.obj
 .debug_loc     0x00000451      0x158 CMakeFiles/text.elf.dir/Core/Src/system_stm32f4xx.c.obj
 .debug_loc     0x000005a9      0x74c CMakeFiles/text.elf.dir/Drivers/STM32F4xx_HAL_Driver/Src/stm32f4xx_ll_gpio.c.obj
 .debug_loc     0x00000cf5      0x670 CMakeFiles/text.elf.dir/Drivers/STM32F4xx_HAL_Driver/Src/stm32f4xx_ll_utils.c.obj

.debug_aranges  0x00000000      0x190
 .debug_aranges
                0x00000000       0x20 CMakeFiles/text.elf.dir/Core/Src/gpio.c.obj
 .debug_aranges
                0x00000020       0x30 CMakeFiles/text.elf.dir/Core/Src/main.c.obj
 .debug_aranges
                0x00000050       0x60 CMakeFiles/text.elf.dir/Core/Src/stm32f4xx_it.c.obj
 .debug_aranges
                0x000000b0       0x28 CMakeFiles/text.elf.dir/Core/Src/system_stm32f4xx.c.obj
 .debug_aranges
                0x000000d8       0x28 CMakeFiles/text.elf.dir/Core/Startup/startup_stm32f407zgtx.s.obj
 .debug_aranges
                0x00000100       0x30 CMakeFiles/text.elf.dir/Drivers/STM32F4xx_HAL_Driver/Src/stm32f4xx_ll_gpio.c.obj
 .debug_aranges
                0x00000130       0x60 CMakeFiles/text.elf.dir/Drivers/STM32F4xx_HAL_Driver/Src/stm32f4xx_ll_utils.c.obj

.debug_ranges   0x00000000      0x218
 .debug_ranges  0x00000000       0x10 CMakeFiles/text.elf.dir/Core/Src/gpio.c.obj
 .debug_ranges  0x00000010       0x38 CMakeFiles/text.elf.dir/Core/Src/main.c.obj
 .debug_ranges  0x00000048       0x50 CMakeFiles/text.elf.dir/Core/Src/stm32f4xx_it.c.obj
 .debug_ranges  0x00000098       0x18 CMakeFiles/text.elf.dir/Core/Src/system_stm32f4xx.c.obj
 .debug_ranges  0x000000b0       0x20 CMakeFiles/text.elf.dir/Core/Startup/startup_stm32f407zgtx.s.obj
 .debug_ranges  0x000000d0       0xf8 CMakeFiles/text.elf.dir/Drivers/STM32F4xx_HAL_Driver/Src/stm32f4xx_ll_gpio.c.obj
 .debug_ranges  0x000001c8       0x50 CMakeFiles/text.elf.dir/Drivers/STM32F4xx_HAL_Driver/Src/stm32f4xx_ll_utils.c.obj

.debug_line     0x00000000     0x1e81
 .debug_line    0x00000000      0x2bc CMakeFiles/text.elf.dir/Core/Src/gpio.c.obj
 .debug_line    0x000002bc      0x691 CMakeFiles/text.elf.dir/Core/Src/main.c.obj
 .debug_line    0x0000094d      0x25f CMakeFiles/text.elf.dir/Core/Src/stm32f4xx_it.c.obj
 .debug_line    0x00000bac      0x24f CMakeFiles/text.elf.dir/Core/Src/system_stm32f4xx.c.obj
 .debug_line    0x00000dfb       0xa3 CMakeFiles/text.elf.dir/Core/Startup/startup_stm32f407zgtx.s.obj
 .debug_line    0x00000e9e      0x788 CMakeFiles/text.elf.dir/Drivers/STM32F4xx_HAL_Driver/Src/stm32f4xx_ll_gpio.c.obj
 .debug_line    0x00001626      0x85b CMakeFiles/text.elf.dir/Drivers/STM32F4xx_HAL_Driver/Src/stm32f4xx_ll_utils.c.obj

.debug_str      0x00000000     0x11d5
 .debug_str     0x00000000      0x356 CMakeFiles/text.elf.dir/Core/Src/gpio.c.obj
                                0x3bb (size before relaxing)
 .debug_str     0x00000356      0x8bf CMakeFiles/text.elf.dir/Core/Src/main.c.obj
                                0xc17 (size before relaxing)
 .debug_str     0x00000c15       0xc6 CMakeFiles/text.elf.dir/Core/Src/stm32f4xx_it.c.obj
                                0x263 (size before relaxing)
 .debug_str     0x00000cdb       0x92 CMakeFiles/text.elf.dir/Core/Src/system_stm32f4xx.c.obj
                                0x33d (size before relaxing)
 .debug_str     0x00000d6d       0x51 CMakeFiles/text.elf.dir/Core/Startup/startup_stm32f407zgtx.s.obj
                                 0x81 (size before relaxing)
 .debug_str     0x00000dbe      0x166 CMakeFiles/text.elf.dir/Drivers/STM32F4xx_HAL_Driver/Src/stm32f4xx_ll_gpio.c.obj
                                0x4a5 (size before relaxing)
 .debug_str     0x00000f24      0x2b1 CMakeFiles/text.elf.dir/Drivers/STM32F4xx_HAL_Driver/Src/stm32f4xx_ll_utils.c.obj
                                0x729 (size before relaxing)

.comment        0x00000000       0x49
 .comment       0x00000000       0x49 CMakeFiles/text.elf.dir/Core/Src/gpio.c.obj
                                 0x4a (size before relaxing)
 .comment       0x00000049       0x4a CMakeFiles/text.elf.dir/Core/Src/main.c.obj
 .comment       0x00000049       0x4a CMakeFiles/text.elf.dir/Core/Src/stm32f4xx_it.c.obj
 .comment       0x00000049       0x4a CMakeFiles/text.elf.dir/Core/Src/system_stm32f4xx.c.obj
 .comment       0x00000049       0x4a CMakeFiles/text.elf.dir/Drivers/STM32F4xx_HAL_Driver/Src/stm32f4xx_ll_gpio.c.obj
 .comment       0x00000049       0x4a CMakeFiles/text.elf.dir/Drivers/STM32F4xx_HAL_Driver/Src/stm32f4xx_ll_utils.c.obj

.debug_frame    0x00000000      0x44c
 .debug_frame   0x00000000       0x30 CMakeFiles/text.elf.dir/Core/Src/gpio.c.obj
 .debug_frame   0x00000030       0x50 CMakeFiles/text.elf.dir/Core/Src/main.c.obj
 .debug_frame   0x00000080       0xa0 CMakeFiles/text.elf.dir/Core/Src/stm32f4xx_it.c.obj
 .debug_frame   0x00000120       0x30 CMakeFiles/text.elf.dir/Core/Src/system_stm32f4xx.c.obj
 .debug_frame   0x00000150       0x68 CMakeFiles/text.elf.dir/Drivers/STM32F4xx_HAL_Driver/Src/stm32f4xx_ll_gpio.c.obj
 .debug_frame   0x000001b8       0xd4 CMakeFiles/text.elf.dir/Drivers/STM32F4xx_HAL_Driver/Src/stm32f4xx_ll_utils.c.obj
 .debug_frame   0x0000028c       0x2c c:/progra~1/gcc-arm-none-eabi-10.3-2021.10/bin/../lib/gcc/arm-none-eabi/10.3.1/../../../../arm-none-eabi/lib/thumb/v7e-m/nofp\libg.a(lib_a-init.o)
 .debug_frame   0x000002b8       0x5c c:/progra~1/gcc-arm-none-eabi-10.3-2021.10/bin/../lib/gcc/arm-none-eabi/10.3.1/../../../../arm-none-eabi/lib/thumb/v7e-m/nofp\libg.a(lib_a-__call_atexit.o)
 .debug_frame   0x00000314       0x20 c:/progra~1/gcc-arm-none-eabi-10.3-2021.10/bin/../lib/gcc/arm-none-eabi/10.3.1/../../../../arm-none-eabi/lib/thumb/v7e-m/nofp\libg.a(lib_a-atexit.o)
 .debug_frame   0x00000334       0x34 c:/progra~1/gcc-arm-none-eabi-10.3-2021.10/bin/../lib/gcc/arm-none-eabi/10.3.1/../../../../arm-none-eabi/lib/thumb/v7e-m/nofp\libg.a(lib_a-fini.o)
 .debug_frame   0x00000368       0xb0 c:/progra~1/gcc-arm-none-eabi-10.3-2021.10/bin/../lib/gcc/arm-none-eabi/10.3.1/../../../../arm-none-eabi/lib/thumb/v7e-m/nofp\libg.a(lib_a-lock.o)
 .debug_frame   0x00000418       0x34 c:/progra~1/gcc-arm-none-eabi-10.3-2021.10/bin/../lib/gcc/arm-none-eabi/10.3.1/../../../../arm-none-eabi/lib/thumb/v7e-m/nofp\libg.a(lib_a-__atexit.o)
